----------------------------------------------------------------------------------------------------------------------------------------------------------
      name:  <unnamed>
       log:  /home/research/ca_ed_lab/projects/csac_survey2023/log/learn/brief.log
  log type:  text
 opened on:  13 Sep 2023, 15:07:52

. 
. ********************************* Main *****************************************
. 
. * Load fully cleaned data
. use "$csacprojdir/dta/cln/csac_hs_senior_2023_brief.dta", clear
(Fully cleaned CSAC 2023 HS senior survey data)

. 
. 
. *==================*
. * Macros set up
. *==================*
. 
. 
. /* Global macros for crosstab variables */
. 
. * crosstab subgroups: race, gender, parental education
. global xtab race_brief gender_brief_main parent_edu_brief

. 
. 
. /* Outcomes */
. 
. * hs experience & bullying 
. global hsexp hs_academic hs_social hs_community_belong hs_teacher_care hs_good_advising hs_prepared_college hs_type times_bullied reasons_bullied_irace 
> reasons_bullied_ireligion reasons_bullied_igender reasons_bullied_iso

. 
. * college plans
. global plans college_fall where_college major highest_degree prop_online_class

. 
. * non-fa college worries
. global nfaworries worry_academic worry_family worry_community worry_away worry_support worry_race worry_gender worry_religion //  worry_so 

. 
. 
. /* Store all questions into global macros for easy display during visualization */
. foreach var in $xtab race_simp gender_brief so_brief lgbtq parent_edu primary_english hs_type college_fall fall_plan inf_no_college where_college major 
> highest_degree worry_academic worry_family worry_community worry_away worry_support worry_race worry_gender worry_so worry_religion prop_online_class hs
> _academic hs_social hs_community_belong hs_teacher_care hs_good_advising hs_prepared_college times_bullied reasons_bullied{
  2.         global `var' `: var label `var''
  3. }
variable race_brief not found
variable gender_brief_main not found
variable parent_edu_brief not found

. 
. 
. 
. 
. *==========================================*
. * Update Crosstab Variables for Main Brief
. *==========================================*
. 
. /* RACE: race_brief */
. * tab race_assn // PI < 100
. 
. cap drop race_brief

. cap label drop race_brief_lbl

. 
. * Race for main brief: combine PI and native Americans
. gen race_brief = race_assn
(2,191 missing values generated)

. replace race_brief = 1 if race_assn == 4 // move to native if pi
(67 real changes made)

. label var race_brief "race/ethnicity for the main brief"

. 
. * modify value label
. label copy race_assn_lbl race_brief_lbl, replace

. label define race_brief_lbl 1 "American Indian/Alaskan Native/Pacific Islander" 4 "", modify

. label val race_brief race_brief_lbl

. 
. 
. /* GENDER: gender_brief_main */
. cap drop gender_brief_main

. cap label drop gender_brief_main_lbl

. 
. * combine categories for the main brief
. gen gender_brief_main = gender_brief
(2,245 missing values generated)

. replace gender_brief_main = 2 if gender_brief == 3 // combine binary trans & other
(331 real changes made)

. replace gender_brief_main = 4 if gender_brief == 5 // combine prefer not to say with unsure
(183 real changes made)

. label var gender_brief_main "gender for the main brief"

. 
. * modify value label
. label copy gender_brief_lbl gender_brief_main_lbl, replace // copy from finer label

. label define gender_brief_main_lbl 2 "gender variant" 4 "unsure/prefer not to say",  modify

. label val gender_brief_main gender_brief_main_lbl

. 
. 
. /* PARENT EDUCATION: parent_edu_brief */
. cap drop parent_edu_brief

. cap label drop parent_edu_brief_lbl

. 
. * combine asso & some college for the main brief
. gen parent_edu_brief = parent_edu
(2,223 missing values generated)

. replace parent_edu_brief = 3 if parent_edu == 4 
(474 real changes made)

. label var parent_edu_brief "highest level of education among parents"

. 
. * modify value label 
. label copy parent_edu parent_edu_brief_lbl

. label define parent_edu_brief_lbl 3 "Some college, no college degree/Associate degree", modify

. label val parent_edu_brief parent_edu_brief_lbl

. 
. 
. 
. *=====================*
. * Aggregated Tables
. *=====================*
. 
. *--------------------------------------*
. * Reasons for Bullying and Harassment  *
. *--------------------------------------*
. 
. * Column: Each Reason of Being Bullied
. * Row: Each subsample
. * Cell: Fraction of respondents selected reason `X'
. 
. 
. /* Note: */
. * Use reg on a constant computationally
. * It estimate the mean = share as dep vars are dummies
. * For now formatted log file. Think of ways to put into exportable format later.
. 
. 
. * All:
. eststo clear 

. di "All"
All

. foreach y in reasons_bullied_igender reasons_bullied_irace reasons_bullied_ireligion{
  2.         qui eststo: qui reg `y'
  3. }

. 
. esttab, nostar not b(a3) coeflabels(_cons "All") mtitles("Gender" "Race" "Religion") nonum noline varwidth(20)

                           Gender         Race     Religion
All                         0.326        0.512        0.127
N                            1042         1042         1042

. 
. 
. * By Gender & Race:
. foreach cat in gender_brief_main race_brief{ // foreach crosstab variable
  2.         di ""
  3.         di "$`cat'"
  4.         qui levelsof `cat', local(vals)
  5.         foreach val in `vals'{ // foreach subsample
  6.         eststo clear
  7.         foreach y in reasons_bullied_igender reasons_bullied_irace reasons_bullied_ireligion{
  8.                 qui eststo: qui reg `y' if `cat' == `val'  // estimate the share
  9.         }
 10.         local lab: label(`cat') `val' // row name
 11.         esttab, nostar not b(a3) coeflabels(_cons "`lab'") nomtitles varwidth(20) nonum nodep noline // each subsample is a row
 12.         }
 13. }



cis woman                   0.295        0.541        0.137
N                             569          569          569

cis man                    0.0833        0.663        0.163
N                             252          252          252

gender variant              0.780        0.252       0.0566
N                             159          159          159

unsure/prefer not ~y        0.512        0.256       0.0233
N                              43           43           43



American Indian/Al~P        0.457        0.630       0.0870
N                              46           46           46

Black/African Amer~n        0.196        0.833       0.0588
N                             102          102          102

Hispanic/Latinx             0.299        0.488        0.109
N                             469          469          469

Filipino                    0.250        0.769       0.0577
N                              52           52           52

Asian                       0.285        0.669        0.108
N                             130          130          130

Other                       0.185        0.593        0.370
N                              27           27           27

White/Non-Hispanic          0.498        0.209        0.189
N                             201          201          201

. 
. 
. *----------*
. * Segment  *
. *----------*
. 
. * Column: Subsample
. * Row:    Segment
. * Cell: Column Percent, All up to 100 within each sub sample
. *       Interpretate as fraction of respondents from a subsample indicating planning to go such segment
. 
. foreach cat in $xtab{
  2.         tab where_college `cat', col nofreq
  3. }

 where do you plan to |
  attend college this |                      race/ethnicity for the main brief
                 fall | American   Black/Afr  Hispanic/   Filipino      Asian      Other  White/Non |     Total
----------------------+-----------------------------------------------------------------------------+----------
California Community  |     39.21      33.83      46.61      36.17      20.42      39.01      28.97 |     37.58 
California State Univ |     22.03      23.50      25.49      22.98      17.28      19.23      18.83 |     22.47 
University of Califor |     21.15      19.55      15.74      28.94      43.28      21.43      21.56 |     22.00 
Private four-year col |      7.93       7.52       4.56       5.11       5.41       5.49       7.61 |      5.64 
Vocational, technical |      0.88       1.69       2.90       0.43       0.44       1.65       0.93 |      1.89 
College outside of Ca |      8.81      13.91       4.69       6.38      13.18      13.19      22.10 |     10.42 
----------------------+-----------------------------------------------------------------------------+----------
                Total |    100.00     100.00     100.00     100.00     100.00     100.00     100.00 |    100.00 

 where do you plan to |
  attend college this |          gender for the main brief
                 fall | cis woman    cis man  gender va  unsure/pr |     Total
----------------------+--------------------------------------------+----------
California Community  |     36.20      40.46      35.50      33.52 |     37.61 
California State Univ |     22.67      21.68      22.75      24.58 |     22.37 
University of Califor |     22.30      21.46      23.00      24.58 |     22.09 
Private four-year col |      6.05       5.18       4.50       6.15 |      5.66 
Vocational, technical |      1.91       1.97       1.50       0.56 |      1.88 
College outside of Ca |     10.88       9.24      12.75      10.61 |     10.39 
----------------------+--------------------------------------------+----------
                Total |    100.00     100.00     100.00     100.00 |    100.00 

 where do you plan to |
  attend college this |             highest level of education among parents
                 fall | Did not c  High scho  Some coll  Bachelor'  Graduate/  Don't kno |     Total
----------------------+------------------------------------------------------------------+----------
California Community  |     47.05      47.40      44.36      26.71      15.88      59.17 |     37.60 
California State Univ |     27.09      23.51      23.13      21.06      17.25      22.22 |     22.38 
University of Califor |     16.90      16.48      18.99      28.69      32.85      10.08 |     22.04 
Private four-year col |      3.71       4.88       5.12       6.60       8.87       2.33 |      5.66 
Vocational, technical |      3.20       3.17       1.26       0.51       0.27       4.65 |      1.86 
College outside of Ca |      2.04       4.56       7.15      16.43      24.88       1.55 |     10.47 
----------------------+------------------------------------------------------------------+----------
                Total |    100.00     100.00     100.00     100.00     100.00     100.00 |    100.00 

. 
. *--------*
. * Major  *
. *--------*
. 
. * Column: Subsample
. * Row:    Major
. * Cell: Column Percent, All up to 100 within each sub sample
. *       Interpretate as fraction of respondents from a subsample indicating planning to go such segment
. 
. foreach cat in $xtab{
  2.         tab major `cat', col nofreq
  3. }

    what are you most |
   likely to study in |                      race/ethnicity for the main brief
              college | American   Black/Afr  Hispanic/   Filipino      Asian      Other  White/Non |     Total
----------------------+-----------------------------------------------------------------------------+----------
             Business |     12.39      10.19      10.22       9.87       8.81       9.34      10.04 |     10.00 
          Engineering |     14.60      15.28      12.94      20.17      26.70      21.43      15.86 |     16.23 
Natural sciences (e.g |     13.72      14.72      13.13      14.59      23.65      20.33      19.01 |     16.22 
Social sciences (e.g. |     13.72      12.26      12.44      10.73      10.65       9.89      13.32 |     12.25 
Humanities & Arts (e. |     11.95      13.21      10.16       9.87       9.77       8.24      14.99 |     11.27 
      Health sciences |     14.60      16.98      16.75      21.03      10.47      14.84      11.24 |     14.76 
            Education |      4.42       2.45       4.50       2.15       1.22       1.65       3.48 |      3.52 
Applied sciences (e.g |      3.54       3.02       4.21       2.15       2.44       2.20       2.54 |      3.40 
Public service (e.g., |      4.87       4.53       6.72       2.58       0.87       5.49       3.48 |      4.84 
            Undecided |      6.19       7.36       8.92       6.87       5.41       6.59       6.02 |      7.51 
----------------------+-----------------------------------------------------------------------------+----------
                Total |    100.00     100.00     100.00     100.00     100.00     100.00     100.00 |    100.00 

    what are you most |
   likely to study in |          gender for the main brief
              college | cis woman    cis man  gender va  unsure/pr |     Total
----------------------+--------------------------------------------+----------
             Business |      9.53      12.13       3.00       6.78 |     10.04 
          Engineering |      7.78      29.99      12.25      20.34 |     16.18 
Natural sciences (e.g |     18.45      12.17      18.75      20.34 |     16.29 
Social sciences (e.g. |     14.68       7.82      15.50      11.86 |     12.23 
Humanities & Arts (e. |     11.21       8.91      27.00      15.82 |     11.34 
      Health sciences |     19.83       7.94       8.00       7.91 |     14.71 
            Education |      4.89       1.35       3.00       2.82 |      3.49 
Applied sciences (e.g |      1.23       6.96       3.50       2.26 |      3.41 
Public service (e.g., |      5.29       4.31       3.25       3.95 |      4.80 
            Undecided |      7.11       8.42       5.75       7.91 |      7.52 
----------------------+--------------------------------------------+----------
                Total |    100.00     100.00     100.00     100.00 |    100.00 

    what are you most |
   likely to study in |             highest level of education among parents
              college | Did not c  High scho  Some coll  Bachelor'  Graduate/  Don't kno |     Total
----------------------+------------------------------------------------------------------+----------
             Business |     11.55      11.00       9.80      10.37       7.29      10.94 |     10.04 
          Engineering |     13.38      12.46      15.08      17.94      23.80      11.20 |     16.22 
Natural sciences (e.g |     12.50      13.16      13.46      22.79      21.87       8.59 |     16.27 
Social sciences (e.g. |     12.35      12.97      11.98      12.28      12.93       6.77 |     12.23 
Humanities & Arts (e. |      7.75       9.92      12.26      12.50      14.31      11.20 |     11.34 
      Health sciences |     17.47      17.93      17.05      11.47       9.22      15.36 |     14.71 
            Education |      5.19       4.26       3.88       1.84       1.99       3.91 |      3.47 
Applied sciences (e.g |      4.02       3.94       4.02       1.84       2.06       7.55 |      3.41 
Public service (e.g., |      7.09       5.79       5.64       2.94       2.13       6.51 |      4.82 
            Undecided |      8.70       8.58       6.84       6.03       4.40      17.97 |      7.49 
----------------------+------------------------------------------------------------------+----------
                Total |    100.00     100.00     100.00     100.00     100.00     100.00 |    100.00 

. 
. 
. 
. *------------------*
. * College Worries  *
. *------------------*
. 
. * Column: Each worry
. * Row: Each Sample
. * Cell: Fraction of respondents selected "VERY WORRIED"
. 
. /* Generate Indicator for Very Worried */
. foreach y in $nfaworries {
  2.          gen v_`y' = .
  3.          replace v_`y' = 1 if `y' == 3
  4.          replace v_`y' = 0 if inlist(`y', 0, 1, 2)
  5. }
(10,221 missing values generated)
(1,502 real changes made)
(6,456 real changes made)
(10,221 missing values generated)
(843 real changes made)
(7,098 real changes made)
(10,221 missing values generated)
(1,293 real changes made)
(6,641 real changes made)
(10,221 missing values generated)
(771 real changes made)
(7,177 real changes made)
(10,221 missing values generated)
(923 real changes made)
(7,021 real changes made)
(10,221 missing values generated)
(238 real changes made)
(7,657 real changes made)
(10,221 missing values generated)
(250 real changes made)
(7,636 real changes made)
(10,221 missing values generated)
(109 real changes made)
(7,782 real changes made)

. 
. 
. des $nfaworries

Variable      Storage   Display    Value
    name         type    format    label      Variable label
----------------------------------------------------------------------------------------------------------------------------------------------------------
worry_academic  byte    %18.0g     worry      how worried are you about performing well academically
worry_family    byte    %18.0g     worry      how worried are you about balancing family obligations
worry_community byte    %18.0g     worry      how worried are you about finding community
worry_away      byte    %18.0g     worry      how worried are you about living away from home
worry_support   byte    %18.0g     worry      how worried about having adequate support for emotional and mental health needs
worry_race      byte    %18.0g     worry      how worried about discrimination based on race
worry_gender    byte    %18.0g     worry      how worried about discrimination based on gender
worry_religion  byte    %18.0g     worry      how worried about discrimination based on religion

. 
. 
. * All:
. di "All"
All

. eststo clear

. foreach y in $nfaworries {
  2.         qui eststo: qui reg v_`y'
  3. }

. 
. esttab, nostar not b(a3) coeflabels(_cons "All") mtitles("academic" "family" "community" "away" "support" "race" "gender" "religion") nonum noline varwi
> dth(20)

                         academic       family    community         away      support         race       gender     religion
All                         0.189        0.106        0.163       0.0970        0.116       0.0301       0.0317       0.0138
N                            7958         7941         7934         7948         7944         7895         7886         7891

. 
. 
. * Gender & Race
. foreach cat in gender_brief_main race_brief parent_edu_brief { // foreach crosstab variable
  2.         di ""
  3.         di "$`cat'"
  4.         qui levelsof `cat', local(vals)
  5.         foreach val in `vals'{ // each subsample
  6.         eststo clear
  7.         foreach y in $nfaworries{
  8.                 qui eststo: qui reg v_`y' if `cat' == `val'  // estimate the share of very worried
  9.         }
 10.         local lab: label(`cat') `val' // row name
 11.         esttab, nostar not b(a3) coeflabels(_cons "`lab'") nomtitles varwidth(20) nonum nodep noline // each subsample is a row
 12.         }
 13. }



cis woman                   0.208        0.109        0.174        0.115        0.129       0.0336       0.0227       0.0140
N                            4291         4285         4286         4285         4285         4286         4272         4285

cis man                     0.149       0.0860        0.130       0.0727       0.0682       0.0210      0.00785       0.0105
N                            2671         2664         2664         2669         2669         2669         2674         2666

gender variant              0.228        0.175        0.253       0.0702        0.263       0.0475        0.265       0.0250
N                             400          399          396          399          400          400          400          400

unsure/prefer not ~y        0.227        0.153        0.254        0.102        0.237       0.0511       0.0971       0.0286
N                             176          176          177          177          177          176          175          175



American Indian/Al~P        0.181        0.102        0.112       0.0356        0.107       0.0487       0.0717       0.0177
N                             226          225          224          225          224          226          223          226

Black/African Amer~n        0.156       0.0909        0.155        0.108        0.119       0.0960       0.0358      0.00945
N                             527          528          530          528          531          531          530          529

Hispanic/Latinx             0.209        0.128        0.159       0.0972        0.128       0.0284       0.0289      0.00981
N                            3782         3776         3773         3776         3777         3772         3769         3773

Filipino                    0.204       0.0681        0.221        0.102        0.132       0.0256       0.0470       0.0255
N                             235          235          235          235          235          234          234          235

Asian                       0.233        0.106        0.194        0.103       0.0993       0.0289       0.0289       0.0132
N                            1139         1136         1136         1140         1138         1142         1140         1140

Other                       0.176       0.0884        0.116        0.132        0.104       0.0387       0.0275       0.0333
N                             182          181          181          182          182          181          182          180

White/Non-Hispanic          0.118       0.0610        0.160       0.0951       0.0998      0.00803       0.0328       0.0194
N                            1496         1492         1491         1493         1493         1495         1494         1493



Did not complete h~l        0.246        0.151        0.169        0.116        0.146       0.0343       0.0206       0.0110
N                            1368         1368         1365         1367         1367         1370         1361         1367

High school diploma         0.196        0.114        0.149       0.0899        0.115       0.0325       0.0324       0.0127
N                            1575         1567         1569         1568         1570         1571         1572         1572

Some college, no c~/        0.183        0.107        0.162       0.0942        0.117       0.0331       0.0352       0.0120
N                            1425         1425         1424         1422         1424         1421         1422         1419

Bachelor's degree           0.165       0.0854        0.175       0.0897       0.0957       0.0228       0.0309       0.0155
N                            1360         1359         1358         1360         1359         1358         1359         1359

Graduate/Prof..)            0.162       0.0665        0.172        0.101        0.112       0.0276       0.0374       0.0159
N                            1449         1444         1443         1451         1449         1448         1445         1446

Don't know                  0.172        0.107        0.143       0.0859        0.104       0.0312       0.0442       0.0207
N                             383          383          384          384          384          385          385          386

. 
. 
. 
. *================*
. * Visualization  *
. *================*
. 
. if `do_plot' == 1{
. 
. * Relabel Crosstab Variables to include counts
. foreach var in $xtab{
  2.         qui levelsof `var', local(vals)
  3.         foreach val in `vals'{
  4.                 local oldlbl: label (`var') `val'
  5.                 qui count if `var' == `val'
  6.                 label define new_`var'_lbl `val' "`oldlbl' (N=`r(N)')", add
  7.         }
  8. label val `var' new_`var'_lbl
  9. }
. 
. 
. 
. * Stacked Bar Graphs
. foreach var in $hsexp $plans $nfaworries {
  2. * Stacked Bar Graph For Overall
.         #delimit;
delimiter now ;
.         graph hbar, over(`var', label(labsize(small))) asyvars stack 
>                 percentages missing
>                 title("$`var'", span size(medium))
>                 ;
  3.                 // note: percentages option make the graph shows the within percentages
>         #delimit cr 
delimiter now cr
.         graph export "$csacprojdir/fig/learn/brief/`var'.png", replace
  4. 
.         * Stacked Bar Graph By Crosstab Vars
.         foreach cat in $xtab{
  5.                 if "`var'" != "`cat'"{ // omit against itself
  6.                 #delimit;
delimiter now ;
.                 graph hbar, over(`var', label(labsize(small))) asyvars stack 
>                         over(`cat', label(labsize(small))) 
>                         percentages missing
>                         title("$`var'", span size(medium))
>                         ;
  7.                         // note: percentages option make the graph shows the within percentages
>                 #delimit cr 
delimiter now cr
.                 graph export "$csacprojdir/fig/learn/brief/`var'X`cat'.png", replace
  8.                 }
  9.         }
 10. }
. 
. 
. 
. 
. }

. 
. 
. 
. 
. 
. 
. 
. ********************************* End Main ************************************
. 
. log close
      name:  <unnamed>
       log:  /home/research/ca_ed_lab/projects/csac_survey2023/log/learn/brief.log
  log type:  text
 closed on:  13 Sep 2023, 15:07:55
----------------------------------------------------------------------------------------------------------------------------------------------------------
